Microchip Technology Inc, v1.33 (A)

Tool Name:
  c:\program files (x86)\microchip\xc16\v1.33\bin\bin\..\bin/elf-ld.exe

Command:
  -p24HJ128GP202 \
  -o \
  dist/default/production/tc_logger6.x.production.elf \
  -Lc:/program files (x86)/microchip/xc16/v1.33/bin/bin/.. \
  -Lc:/program files (x86)/microchip/xc16/v1.33/bin/bin/../../lib \
  -Lc:/program files (x86)/microchip/xc16/v1.33/bin/bin/../../support/PIC24E/gld \
  -Lc:/program files (x86)/microchip/xc16/v1.33/bin/bin/../../support/PIC24F/gld \
  -Lc:/program files (x86)/microchip/xc16/v1.33/bin/bin/../../support/PIC24H/gld \
  -Lc:/program files (x86)/microchip/xc16/v1.33/bin/bin/../../support/dsPIC30F/gld \
  -Lc:/program files (x86)/microchip/xc16/v1.33/bin/bin/../../support/dsPIC33C/gld \
  -Lc:/program files (x86)/microchip/xc16/v1.33/bin/bin/../../support/dsPIC33E/gld \
  -Lc:/program files (x86)/microchip/xc16/v1.33/bin/bin/../../support/dsPIC33F/gld \
  build/default/production/ad_pic24h.o \
  build/default/production/ff.o \
  build/default/production/gps_pic24h.o \
  build/default/production/main.o \
  build/default/production/mmc_pic24h.o \
  build/default/production/uart_pic24h.o \
  build/default/production/xprintf.o \
  build/default/production/logger_pic24h.o \
  build/default/production/rtcc_pic24h.o \
  --defsym=__MPLAB_BUILD=1 \
  -Tp24HJ128GP202.gld.00 \
  --stack=16 \
  --check-sections \
  --data-init \
  --pack-data \
  --handles \
  --isr \
  --no-gc-sections \
  --fill-upper=0 \
  --stackguard=16 \
  --no-force-link \
  --smart-io \
  -Map=dist/default/production/tc_logger6.x.production.map \
  --report-mem \
  --memorysummary \
  dist/default/production/memoryfile.xml \
  -start-group \
  --library=lega-pic30-elf \
  --library=m-elf \
  --library=lega-c-elf \
  -end-group \


Optional library libp24HJ128GP202.a not found
Archive member included because of file (symbol)

c:/program files (x86)/microchip/xc16/v1.33/bin/bin/../../lib\liblega-pic30-elf.a(crt0_standard.o)
                              (__resetPRI)
c:/program files (x86)/microchip/xc16/v1.33/bin/bin/../../lib\liblega-pic30-elf.a(data_init_standard.o)
                              c:/program files (x86)/microchip/xc16/v1.33/bin/bin/../../lib\liblega-pic30-elf.a(crt0_standard.o) (__data_init_standard)
c:/program files (x86)/microchip/xc16/v1.33/bin/bin/../../lib\liblega-pic30-elf.a(crt_start_mode_normal.Leo)
                              (__crt_start_mode_normal)
c:/program files (x86)/microchip/xc16/v1.33/bin/bin/../../lib\libm-elf.a(addsf3.eo)
                              build/default/production/main.o (___subsf3)
c:/program files (x86)/microchip/xc16/v1.33/bin/bin/../../lib\libm-elf.a(divsf3.eo)
                              build/default/production/main.o (___divsf3)
c:/program files (x86)/microchip/xc16/v1.33/bin/bin/../../lib\libm-elf.a(feqltle.eo)
                              build/default/production/main.o (___ltsf2)
c:/program files (x86)/microchip/xc16/v1.33/bin/bin/../../lib\libm-elf.a(fgtge.eo)
                              build/default/production/main.o (___gtsf2)
c:/program files (x86)/microchip/xc16/v1.33/bin/bin/../../lib\libm-elf.a(floatunsisf.eo)
                              build/default/production/main.o (___floatunsisf)
c:/program files (x86)/microchip/xc16/v1.33/bin/bin/../../lib\libm-elf.a(fpack.eo)
                              c:/program files (x86)/microchip/xc16/v1.33/bin/bin/../../lib\libm-elf.a(addsf3.eo) (__fpack)
c:/program files (x86)/microchip/xc16/v1.33/bin/bin/../../lib\libm-elf.a(funpack2.eo)
                              c:/program files (x86)/microchip/xc16/v1.33/bin/bin/../../lib\libm-elf.a(addsf3.eo) (__funpack2)
c:/program files (x86)/microchip/xc16/v1.33/bin/bin/../../lib\libm-elf.a(futil.eo)
                              c:/program files (x86)/microchip/xc16/v1.33/bin/bin/../../lib\libm-elf.a(addsf3.eo) (__fPropagateNaN)
c:/program files (x86)/microchip/xc16/v1.33/bin/bin/../../lib\libm-elf.a(mulsf3.eo)
                              build/default/production/main.o (___mulsf3)
c:/program files (x86)/microchip/xc16/v1.33/bin/bin/../../lib\libm-elf.a(udivsi3.eo)
                              build/default/production/ff.o (___udivsi3)
c:/program files (x86)/microchip/xc16/v1.33/bin/bin/../../lib\libm-elf.a(umodsi3.eo)
                              build/default/production/xprintf.o (___umodsi3)
c:/program files (x86)/microchip/xc16/v1.33/bin/bin/../../lib\libm-elf.a(fcompare.eo)
                              c:/program files (x86)/microchip/xc16/v1.33/bin/bin/../../lib\libm-elf.a(feqltle.eo) (__fcompare)
c:/program files (x86)/microchip/xc16/v1.33/bin/bin/../../lib\libm-elf.a(floatundisf.eo)
                              c:/program files (x86)/microchip/xc16/v1.33/bin/bin/../../lib\libm-elf.a(floatunsisf.eo) (___floatundisf)
c:/program files (x86)/microchip/xc16/v1.33/bin/bin/../../lib\libm-elf.a(funpack.eo)
                              c:/program files (x86)/microchip/xc16/v1.33/bin/bin/../../lib\libm-elf.a(funpack2.eo) (__funpack)
c:/program files (x86)/microchip/xc16/v1.33/bin/bin/../../lib\liblega-c-elf.a(atoi.XX_eo)
                              build/default/production/logger_pic24h.o (_atoi)
c:/program files (x86)/microchip/xc16/v1.33/bin/bin/../../lib\liblega-c-elf.a(ldiv.XX_eo)
                              build/default/production/main.o (_ldiv)
c:/program files (x86)/microchip/xc16/v1.33/bin/bin/../../lib\liblega-c-elf.a(xstoul.XX_eo)
                              c:/program files (x86)/microchip/xc16/v1.33/bin/bin/../../lib\liblega-c-elf.a(atoi.XX_eo) (__Stoul)
c:/program files (x86)/microchip/xc16/v1.33/bin/bin/../../lib\liblega-c-elf.a(isspace.XX_eso)
                              c:/program files (x86)/microchip/xc16/v1.33/bin/bin/../../lib\liblega-c-elf.a(xstoul.XX_eo) (_isspace)
c:/program files (x86)/microchip/xc16/v1.33/bin/bin/../../lib\liblega-c-elf.a(tolower.XX_eso)
                              c:/program files (x86)/microchip/xc16/v1.33/bin/bin/../../lib\liblega-c-elf.a(xstoul.XX_eo) (_tolower)
c:/program files (x86)/microchip/xc16/v1.33/bin/bin/../../lib\liblega-c-elf.a(errno.XX_eo)
                              c:/program files (x86)/microchip/xc16/v1.33/bin/bin/../../lib\liblega-c-elf.a(xstoul.XX_eo) (_errno)
c:/program files (x86)/microchip/xc16/v1.33/bin/bin/../../lib\liblega-c-elf.a(memchr.XX_eo)
                              c:/program files (x86)/microchip/xc16/v1.33/bin/bin/../../lib\liblega-c-elf.a(xstoul.XX_eo) (_memchr)
c:/program files (x86)/microchip/xc16/v1.33/bin/bin/../../lib\libm-elf.a(divsi3.eo)
                              c:/program files (x86)/microchip/xc16/v1.33/bin/bin/../../lib\liblega-c-elf.a(ldiv.XX_eo) (___divsi3)
c:/program files (x86)/microchip/xc16/v1.33/bin/bin/../../lib\libm-elf.a(mulsi3.eo)
                              c:/program files (x86)/microchip/xc16/v1.33/bin/bin/../../lib\liblega-c-elf.a(ldiv.XX_eo) (___mulsi3)


Selected CodeGuard Options:
  FGS:GWRP:OFF
  FGS:GSS:OFF
  FSS:SWRP:WRPROTECT_OFF
  FSS:SSS:NO_FLASH
  FSS:RSS:NO_RAM
  FBS:BWRP:WRPROTECT_OFF
  FBS:BSS:NO_FLASH
  FBS:RBS:NO_RAM

CodeGuard FLASH Memory:
  boot    (none)
  secure  (none)
  general 0x200 to 0x157fe

CodeGuard RAM Memory:
  general 0x800 to 0x27ff
  secure  (none)
  boot    (none)


xc16-ld 1.33 (A)

Program Memory  [Origin = 0x200, Length = 0x15600]

section                    address   length (PC units)   length (bytes) (dec)
-------                    -------   -----------------   --------------------
.text                        0x200               0x720           0xab0  (2736)
.const                       0x920               0x256           0x381  (897)
.text                        0xb76              0x71c8          0xaaac  (43692)
.dinit                      0x7d3e                0xa6            0xf9  (249)

                 Total program memory used (bytes):         0xb9d6  (47574) 36%


Ivt Memory  [Origin = 0x4, Length = 0xfc]

section                    address   length (PC units)   length (bytes) (dec)
-------                    -------   -----------------   --------------------
.ivt._T1Interrupt             0x1a                 0x2             0x3  (3)
.ivt._U1RXInterrupt           0x2a                 0x2             0x3  (3)
.ivt._U1TXInterrupt           0x2c                 0x2             0x3  (3)
.ivt._CNInterrupt             0x3a                 0x2             0x3  (3)


Data Memory  [Origin = 0x800, Length = 0x2000]

section                    address      alignment gaps    total length  (dec)
-------                    -------      --------------    -------------------
.nbss                        0x800                   0            0x16  (22)
.ndata                       0x816                   0             0xa  (10)
.nbss                        0x820                   0            0x14  (20)
.ndata                       0x834                   0             0x2  (2)
.nbss                        0x836                   0             0x2  (2)
.bss                         0x838                   0          0x14b4  (5300)
.data                       0x1cec                   0            0x5e  (94)
.bss                        0x1d4a                   0             0x4  (4)

                 Total data memory used (bytes):         0x154e  (5454) 66%


Dynamic Memory Usage

region                     address                      maximum length  (dec)
------                     -------                      ---------------------
heap                             0                                   0  (0)
stack                       0x1d4e                               0xab2  (2738)

                 Maximum dynamic memory (bytes):          0xab2  (2738)


External Symbols in Data Memory (by address):

                    0x0800                  _AccSize
                    0x0804                  _AccFiles
                    0x0806                  _AccDirs
                    0x0808                  _Sec_Pulse
                    0x0809                  _flash
                    0x080a                  _Timer
                    0x080c                  _Timer4
                    0x080e                  _Timer5
                    0x0810                  _div1k
                    0x0812                  _ms
                    0x0816                  __error
                    0x0818                  _rtcYear
                    0x081a                  _rtcMon
                    0x081b                  _rtcMday
                    0x081c                  _rtcHour
                    0x081d                  _rtcMin
                    0x081e                  _rtcSec
                    0x0826                  _xfunc_out
                    0x082a                  _xfunc_in
                    0x0838                  _Finfo
                    0x084e                  _Line
                    0x094e                  _FatFs
                    0x0b80                  _File
                    0x0bc0                  _Buff
                    0x0fc0                  _gps_tx_buff
                    0x13c0                  _gps_rx_buff
                    0x17c0                  _ADBuffer
                    0x17e0                  __gps_rx_buff
                    0x1d36                  _ls
                    0x1d4a                  _errno
                    0x1d4c                  __Tls_setup_errno

External Symbols in Data Memory (by name):

                    0x17c0                  _ADBuffer
                    0x0806                  _AccDirs
                    0x0804                  _AccFiles
                    0x0800                  _AccSize
                    0x0bc0                  _Buff
                    0x094e                  _FatFs
                    0x0b80                  _File
                    0x0838                  _Finfo
                    0x084e                  _Line
                    0x0808                  _Sec_Pulse
                    0x080a                  _Timer
                    0x080c                  _Timer4
                    0x080e                  _Timer5
                    0x1d4c                  __Tls_setup_errno
                    0x0816                  __error
                    0x17e0                  __gps_rx_buff
                    0x0810                  _div1k
                    0x1d4a                  _errno
                    0x0809                  _flash
                    0x13c0                  _gps_rx_buff
                    0x0fc0                  _gps_tx_buff
                    0x1d36                  _ls
                    0x0812                  _ms
                    0x081c                  _rtcHour
                    0x081b                  _rtcMday
                    0x081d                  _rtcMin
                    0x081a                  _rtcMon
                    0x081e                  _rtcSec
                    0x0818                  _rtcYear
                    0x082a                  _xfunc_in
                    0x0826                  _xfunc_out

External Symbols in Program Memory (by address):

                  0x000200                  __resetPRI
                  0x00023c                  __psv_init
                  0x000252                  __data_init_standard
                  0x000252                  __data_init
                  0x0002c8                  __T1Interrupt
                  0x00037e                  __CNInterrupt
                  0x000392                  __U1RXInterrupt
                  0x0003e6                  __U1TXInterrupt
                  0x00043a                  __DefaultInterrupt
                  0x000440                  ___subsf3
                  0x000442                  ___addsf3
                  0x0004fc                  ___divsf3
                  0x000580                  ___lesf2
                  0x000580                  ___ltsf2
                  0x000580                  ___eqsf2
                  0x000584                  ___gtsf2
                  0x000584                  ___gesf2
                  0x000588                  ___floatunsisf
                  0x00058c                  __fpack
                  0x0005d8                  __funpack2
                  0x0005e8                  __fPropagateNaN
                  0x0005fa                  __fbopExit
                  0x000602                  __fbopReturnNaN
                  0x000608                  ___mulsf3
                  0x000670                  ___udivsi3
                  0x000690                  ___umodsi3
                  0x000696                  __fcompare
                  0x0006cc                  ___floatundisf
                  0x00072a                  __funpack
                  0x000754                  _atoi
                  0x00075a                  _ldiv
                  0x000784                  __Stoul
                  0x0008b8                  _isspace
                  0x0008c8                  _tolower
                  0x0008d6                  __Geterrno
                  0x0008e2                  _memchr
                  0x0008f6                  ___divsi3
                  0x000914                  ___mulp32eds3
                  0x000914                  ___mulsi3
                  0x000914                  ___mulp32peds3
                  0x000920                  __NUM_BYTES
                  0x000e94                  _clust2sect
                  0x000eec                  _get_fat
                  0x0010ce                  _put_fat
                  0x0028ac                  _f_mount
                  0x002918                  _f_open
                  0x002b96                  _f_read
                  0x002e24                  _f_write
                  0x003160                  _f_sync
                  0x003260                  _f_close
                  0x003288                  _f_chdir
                  0x0032f6                  _f_getcwd
                  0x00347c                  _f_lseek
                  0x003770                  _f_opendir
                  0x00380a                  _f_closedir
                  0x003826                  _f_readdir
                  0x003894                  _f_findnext
                  0x0038d4                  _f_findfirst
                  0x003900                  _f_stat
                  0x003948                  _f_getfree
                  0x003b44                  _f_truncate
                  0x003c5e                  _f_unlink
                  0x003d82                  _f_mkdir
                  0x003f90                  _f_chmod
                  0x004018                  _f_rename
                  0x004170                  _f_utime
                  0x00420a                  _f_mkfs
                  0x004c8e                  _gps_reset
                  0x004ce4                  _gps_shutdown
                  0x004d12                  _gps_fill_buffer
                  0x004d58                  _gps_init
                  0x004d6c                  _send_mid129
                  0x004d92                  _send_mid103
                  0x004db6                  _send_mid125
                  0x004dda                  _send_mid117
                  0x004dfe                  _send_mid100
                  0x004e22                  _send_mid105
                  0x004e46                  _send_id132
                  0x004e6a                  _send_gsv_off
                  0x004e8e                  _send_gsv_on
                  0x004eb2                  _send_gsa_off
                  0x004ed6                  _send_gsa_on
                  0x004efa                  _send_zda_on
                  0x004f1e                  _get_gps
                  0x004f2e                  _gps_timerproc
                  0x004f44                  _gps_parse_zda
                  0x004f92                  _gps_parse_rmc
                  0x00503c                  _gps_parse_gga
                  0x005a62                  _get_fattime
                  0x005ac2                  _loop_timerproc
                  0x005ad8                  _led_timerproc
                  0x005ddc                  _gps_buffer_dump
                  0x005e5c                  _main
                  0x006a20                  _disk_status
                  0x006a34                  _disk_initialize
                  0x006b74                  _disk_read
                  0x006c1c                  _disk_write
                  0x006cec                  _disk_ioctl
                  0x007000                  _disk_timerproc
                  0x007042                  _xputc
                  0x007070                  _xputs
                  0x00708a                  _xfputs
                  0x0073ac                  _xprintf
                  0x0073bc                  _xsprintf
                  0x0073da                  _xfprintf
                  0x0073f8                  _put_dump
                  0x0074da                  _xgets
                  0x007560                  _xfgets
                  0x007582                  _xatoi
                  0x007748                  _ADInputTest
                  0x0077f8                  _ad_init
                  0x0078a8                  _get_ad_id
                  0x0078d4                  _get_ad_chan
                  0x007962                  _ad_timerproc
                  0x007978                  _ad_power_off
                  0x0079c6                  _rtcc_deselect
                  0x0079dc                  _rtcc_osc_on
                  0x0079f4                  _RTCC_Initialize
                  0x007a50                  _RTCC_TimeGet
                  0x007b26                  _RTCC_DecToBCD
                  0x007b50                  _RTCC_BCDToDec
                  0x007b6a                  _logger_init
                  0x007c70                  _uart_test
                  0x007c78                  _uart_getc
                  0x007cb8                  _uart_putc
                  0x007d02                  _uart_init
                  0xf80000                  __FBS.sec
                  0xf80002                  __FSS.sec
                  0xf80004                  __FGS.sec

External Symbols in Program Memory (by name):

                  0x007748                  _ADInputTest
                  0x007b50                  _RTCC_BCDToDec
                  0x007b26                  _RTCC_DecToBCD
                  0x0079f4                  _RTCC_Initialize
                  0x007a50                  _RTCC_TimeGet
                  0x00037e                  __CNInterrupt
                  0x00043a                  __DefaultInterrupt
                  0xf80000                  __FBS.sec
                  0xf80004                  __FGS.sec
                  0xf80002                  __FSS.sec
                  0x0008d6                  __Geterrno
                  0x000920                  __NUM_BYTES
                  0x000784                  __Stoul
                  0x0002c8                  __T1Interrupt
                  0x000392                  __U1RXInterrupt
                  0x0003e6                  __U1TXInterrupt
                  0x000442                  ___addsf3
                  0x0004fc                  ___divsf3
                  0x0008f6                  ___divsi3
                  0x000580                  ___eqsf2
                  0x0006cc                  ___floatundisf
                  0x000588                  ___floatunsisf
                  0x000584                  ___gesf2
                  0x000584                  ___gtsf2
                  0x000580                  ___lesf2
                  0x000580                  ___ltsf2
                  0x000914                  ___mulp32eds3
                  0x000914                  ___mulp32peds3
                  0x000608                  ___mulsf3
                  0x000914                  ___mulsi3
                  0x000440                  ___subsf3
                  0x000670                  ___udivsi3
                  0x000690                  ___umodsi3
                  0x000252                  __data_init
                  0x000252                  __data_init_standard
                  0x0005e8                  __fPropagateNaN
                  0x0005fa                  __fbopExit
                  0x000602                  __fbopReturnNaN
                  0x000696                  __fcompare
                  0x00058c                  __fpack
                  0x00072a                  __funpack
                  0x0005d8                  __funpack2
                  0x00023c                  __psv_init
                  0x000200                  __resetPRI
                  0x0077f8                  _ad_init
                  0x007978                  _ad_power_off
                  0x007962                  _ad_timerproc
                  0x000754                  _atoi
                  0x000e94                  _clust2sect
                  0x006a34                  _disk_initialize
                  0x006cec                  _disk_ioctl
                  0x006b74                  _disk_read
                  0x006a20                  _disk_status
                  0x007000                  _disk_timerproc
                  0x006c1c                  _disk_write
                  0x003288                  _f_chdir
                  0x003f90                  _f_chmod
                  0x003260                  _f_close
                  0x00380a                  _f_closedir
                  0x0038d4                  _f_findfirst
                  0x003894                  _f_findnext
                  0x0032f6                  _f_getcwd
                  0x003948                  _f_getfree
                  0x00347c                  _f_lseek
                  0x003d82                  _f_mkdir
                  0x00420a                  _f_mkfs
                  0x0028ac                  _f_mount
                  0x002918                  _f_open
                  0x003770                  _f_opendir
                  0x002b96                  _f_read
                  0x003826                  _f_readdir
                  0x004018                  _f_rename
                  0x003900                  _f_stat
                  0x003160                  _f_sync
                  0x003b44                  _f_truncate
                  0x003c5e                  _f_unlink
                  0x004170                  _f_utime
                  0x002e24                  _f_write
                  0x0078d4                  _get_ad_chan
                  0x0078a8                  _get_ad_id
                  0x000eec                  _get_fat
                  0x005a62                  _get_fattime
                  0x004f1e                  _get_gps
                  0x005ddc                  _gps_buffer_dump
                  0x004d12                  _gps_fill_buffer
                  0x004d58                  _gps_init
                  0x00503c                  _gps_parse_gga
                  0x004f92                  _gps_parse_rmc
                  0x004f44                  _gps_parse_zda
                  0x004c8e                  _gps_reset
                  0x004ce4                  _gps_shutdown
                  0x004f2e                  _gps_timerproc
                  0x0008b8                  _isspace
                  0x00075a                  _ldiv
                  0x005ad8                  _led_timerproc
                  0x007b6a                  _logger_init
                  0x005ac2                  _loop_timerproc
                  0x005e5c                  _main
                  0x0008e2                  _memchr
                  0x0073f8                  _put_dump
                  0x0010ce                  _put_fat
                  0x0079c6                  _rtcc_deselect
                  0x0079dc                  _rtcc_osc_on
                  0x004eb2                  _send_gsa_off
                  0x004ed6                  _send_gsa_on
                  0x004e6a                  _send_gsv_off
                  0x004e8e                  _send_gsv_on
                  0x004e46                  _send_id132
                  0x004dfe                  _send_mid100
                  0x004d92                  _send_mid103
                  0x004e22                  _send_mid105
                  0x004dda                  _send_mid117
                  0x004db6                  _send_mid125
                  0x004d6c                  _send_mid129
                  0x004efa                  _send_zda_on
                  0x0008c8                  _tolower
                  0x007c78                  _uart_getc
                  0x007d02                  _uart_init
                  0x007cb8                  _uart_putc
                  0x007c70                  _uart_test
                  0x007582                  _xatoi
                  0x007560                  _xfgets
                  0x0073da                  _xfprintf
                  0x00708a                  _xfputs
                  0x0074da                  _xgets
                  0x0073ac                  _xprintf
                  0x007042                  _xputc
                  0x007070                  _xputs
                  0x0073bc                  _xsprintf

Memory Configuration

Name             Origin             Length             Attributes
data             0x000800           0x002000           a !xr
reset            0x000000           0x000004  
ivt              0x000004           0x0000fc  
_reserved        0x000100           0x000004  
aivt             0x000104           0x0000fc  
program          0x000200           0x015600           xr
FBS              0xf80000           0x000002  
FSS              0xf80002           0x000002  
FGS              0xf80004           0x000002  
FOSCSEL          0xf80006           0x000002  
FOSC             0xf80008           0x000002  
FWDT             0xf8000a           0x000002  
FPOR             0xf8000c           0x000002  
FICD             0xf8000e           0x000002  
FUID0            0xf80010           0x000002  
FUID1            0xf80012           0x000002  
FUID2            0xf80014           0x000002  
FUID3            0xf80016           0x000002  
*default*        0x000000           0xffffffff  

Linker script and memory map

LOAD build/default/production/ad_pic24h.o
LOAD build/default/production/ff.o
LOAD build/default/production/gps_pic24h.o
LOAD build/default/production/main.o
LOAD build/default/production/mmc_pic24h.o
LOAD build/default/production/uart_pic24h.o
LOAD build/default/production/xprintf.o
LOAD build/default/production/logger_pic24h.o
LOAD build/default/production/rtcc_pic24h.o
                    0x0001                  __MPLAB_BUILD = 0x1
LOAD p24HJ128GP202
LOAD c:/program files (x86)/microchip/xc16/v1.33/bin/bin/../../lib\libfx-elf.a
                    0xf80000                  __FBS = 0xf80000
                    0xf80002                  __FSS = 0xf80002
                    0xf80004                  __FGS = 0xf80004
                    0xf80006                  __FOSCSEL = 0xf80006
                    0xf80008                  __FOSC = 0xf80008
                    0xf8000a                  __FWDT = 0xf8000a
                    0xf8000c                  __FPOR = 0xf8000c
                    0xf8000e                  __FICD = 0xf8000e
                    0xf80010                  __FUID0 = 0xf80010
                    0xf80012                  __FUID1 = 0xf80012
                    0xf80014                  __FUID2 = 0xf80014
                    0xf80016                  __FUID3 = 0xf80016
                    0x0200                  __CODE_BASE = 0x200
                    0x15600                  __CODE_LENGTH = 0x15600
                    0x0004                  __IVT_BASE = 0x4
                    0x0104                  __AIVT_BASE = 0x104
                    0x0800                  __DATA_BASE = 0x800
                    0x2000                  __DATA_LENGTH = 0x2000
                    0x2000                  __DMA_BASE = 0x2000
                    0x27ff                  __DMA_END = 0x27ff

.reset            0x000000          0x4
                  0x000000          0x2 SHORT 0x200 ABSOLUTE (__reset)
                  0x000001          0x2 SHORT 0x4
                  0x000002          0x2 SHORT 0x0 ((ABSOLUTE (__reset) >> 0x10) & 0x7f)
                  0x000003          0x2 SHORT 0x0

.text             0x000200        0x720
 *(.init)
 .init            0x000200         0x4c c:/program files (x86)/microchip/xc16/v1.33/bin/bin/../../lib\liblega-pic30-elf.a(crt0_standard.o)
                  0x000200                  __resetPRI
                  0x000200                  __reset
                  0x00023c                  __psv_init
 .init            0x00024c         0x7c c:/program files (x86)/microchip/xc16/v1.33/bin/bin/../../lib\liblega-pic30-elf.a(data_init_standard.o)
                  0x000252                  __data_init_standard
                  0x000252                  __data_init
 *(.user_init)
 *(.handle)
 *(.isr*)
 .isr.text        0x0002c8         0xca build/default/production/main.o
                  0x0002c8                  __T1Interrupt
                  0x00037e                  __CNInterrupt
 .isr.text        0x000392         0xa8 build/default/production/uart_pic24h.o
                  0x000392                  __U1RXInterrupt
                  0x0003e6                  __U1TXInterrupt
 .isr             0x00043a          0x4 default_isr
                  0x00043a                  __DefaultInterrupt
 *(.libc)
 *(.libm)
 *(.libdsp)
 *(.lib*)
 .libpic30_crt_start_mode
                  0x00043e          0x2 c:/program files (x86)/microchip/xc16/v1.33/bin/bin/../../lib\liblega-pic30-elf.a(crt_start_mode_normal.Leo)
                  0x00043e                  __crt_start_mode
                  0x00043e                  __crt_start_mode_normal
 .libm.subsf3     0x000440         0xbc c:/program files (x86)/microchip/xc16/v1.33/bin/bin/../../lib\libm-elf.a(addsf3.eo)
                  0x000440                  ___subsf3
                  0x000442                  ___addsf3
 .libm.divfs3     0x0004fc         0x84 c:/program files (x86)/microchip/xc16/v1.33/bin/bin/../../lib\libm-elf.a(divsf3.eo)
                  0x0004fc                  ___divsf3
 .libm.eqsf2      0x000580          0x4 c:/program files (x86)/microchip/xc16/v1.33/bin/bin/../../lib\libm-elf.a(feqltle.eo)
                  0x000580                  ___eqsf2
                  0x000580                  ___ltsf2
                  0x000580                  ___lesf2
 .libm.gtsf2      0x000584          0x4 c:/program files (x86)/microchip/xc16/v1.33/bin/bin/../../lib\libm-elf.a(fgtge.eo)
                  0x000584                  ___gesf2
                  0x000584                  ___gtsf2
 .libm.floatunsisf
                  0x000588          0x4 c:/program files (x86)/microchip/xc16/v1.33/bin/bin/../../lib\libm-elf.a(floatunsisf.eo)
                  0x000588                  ___floatunsisf
 .libm.fpack      0x00058c         0x4c c:/program files (x86)/microchip/xc16/v1.33/bin/bin/../../lib\libm-elf.a(fpack.eo)
                  0x00058c                  __fpack
 .libm.funpack2
                  0x0005d8         0x10 c:/program files (x86)/microchip/xc16/v1.33/bin/bin/../../lib\libm-elf.a(funpack2.eo)
                  0x0005d8                  __funpack2
 .libm.fPropagateNaN
                  0x0005e8         0x12 c:/program files (x86)/microchip/xc16/v1.33/bin/bin/../../lib\libm-elf.a(futil.eo)
                  0x0005e8                  __fPropagateNaN
 .libm.fbobExit
                  0x0005fa          0x8 c:/program files (x86)/microchip/xc16/v1.33/bin/bin/../../lib\libm-elf.a(futil.eo)
                  0x0005fa                  __fbopExit
 .libm.fbopReturnNaN
                  0x000602          0x6 c:/program files (x86)/microchip/xc16/v1.33/bin/bin/../../lib\libm-elf.a(futil.eo)
                  0x000602                  __fbopReturnNaN
 .libm.mulsf3     0x000608         0x68 c:/program files (x86)/microchip/xc16/v1.33/bin/bin/../../lib\libm-elf.a(mulsf3.eo)
                  0x000608                  ___mulsf3
 .libm.udivsi3    0x000670         0x20 c:/program files (x86)/microchip/xc16/v1.33/bin/bin/../../lib\libm-elf.a(udivsi3.eo)
                  0x000670                  ___udivsi3
 .libm.umodsi3    0x000690          0x6 c:/program files (x86)/microchip/xc16/v1.33/bin/bin/../../lib\libm-elf.a(umodsi3.eo)
                  0x000690                  ___umodsi3
 .libm.fcompare
                  0x000696         0x36 c:/program files (x86)/microchip/xc16/v1.33/bin/bin/../../lib\libm-elf.a(fcompare.eo)
                  0x000696                  __fcompare
 .libm.floatundisf
                  0x0006cc         0x5e c:/program files (x86)/microchip/xc16/v1.33/bin/bin/../../lib\libm-elf.a(floatundisf.eo)
                  0x0006cc                  ___floatundisf
 .libm.funpack    0x00072a         0x2a c:/program files (x86)/microchip/xc16/v1.33/bin/bin/../../lib\libm-elf.a(funpack.eo)
                  0x00072a                  __funpack
 .libc.atoi       0x000754          0x6 c:/program files (x86)/microchip/xc16/v1.33/bin/bin/../../lib\liblega-c-elf.a(atoi.XX_eo)
                  0x000754                  _atoi
 .libc.ldiv       0x00075a         0x2a c:/program files (x86)/microchip/xc16/v1.33/bin/bin/../../lib\liblega-c-elf.a(ldiv.XX_eo)
                  0x00075a                  _ldiv
 .libc._Stoul     0x000784        0x134 c:/program files (x86)/microchip/xc16/v1.33/bin/bin/../../lib\liblega-c-elf.a(xstoul.XX_eo)
                  0x000784                  __Stoul
 .libc.isspace    0x0008b8         0x10 c:/program files (x86)/microchip/xc16/v1.33/bin/bin/../../lib\liblega-c-elf.a(isspace.XX_eso)
                  0x0008b8                  _isspace
 .libc.tolower    0x0008c8          0xe c:/program files (x86)/microchip/xc16/v1.33/bin/bin/../../lib\liblega-c-elf.a(tolower.XX_eso)
                  0x0008c8                  _tolower
 .libc._Geterrno
                  0x0008d6          0xc c:/program files (x86)/microchip/xc16/v1.33/bin/bin/../../lib\liblega-c-elf.a(errno.XX_eo)
                  0x0008d6                  __Geterrno
 .libc.memchr     0x0008e2         0x14 c:/program files (x86)/microchip/xc16/v1.33/bin/bin/../../lib\liblega-c-elf.a(memchr.XX_eo)
                  0x0008e2                  _memchr
 .libm.divsi3     0x0008f6         0x1e c:/program files (x86)/microchip/xc16/v1.33/bin/bin/../../lib\libm-elf.a(divsi3.eo)
                  0x0008f6                  ___divsi3
 .libm.mulsi3     0x000914          0xc c:/program files (x86)/microchip/xc16/v1.33/bin/bin/../../lib\libm-elf.a(mulsi3.eo)
                  0x000914                  ___mulp32peds3
                  0x000914                  ___mulsi3
                  0x000914                  ___mulp32eds3

usercode
 *(usercode)

__FBS             0xf80000          0x2
 *(__FBS.sec*)
 __FBS.sec        0xf80000          0x2 FBS
                  0xf80000                  __FBS.sec

__FSS             0xf80002          0x2
 *(__FSS.sec*)
 __FSS.sec        0xf80002          0x2 FSS
                  0xf80002                  __FSS.sec

__FGS             0xf80004          0x2
 *(__FGS.sec*)
 __FGS.sec        0xf80004          0x2 FGS
                  0xf80004                  __FGS.sec

__FOSCSEL
 *(__FOSCSEL.sec*)

__FOSC
 *(__FOSC.sec*)

__FWDT
 *(__FWDT.sec*)

__FPOR
 *(__FPOR.sec*)

__FICD
 *(__FICD.sec*)

__FUID0
 *(__FUID0.sec*)

__FUID1
 *(__FUID1.sec*)

__FUID2
 *(__FUID2.sec*)

__FUID3
 *(__FUID3.sec*)

.comment
 *(.comment)

.debug_info       0x000000       0x9531
 *(.debug_info)
 .debug_info      0x000000        0x7c1 build/default/production/ad_pic24h.o
 .debug_info      0x0007c1       0x2081 build/default/production/ff.o
 .debug_info      0x002842       0x19a0 build/default/production/gps_pic24h.o
 .debug_info      0x0041e2       0x3163 build/default/production/main.o
 .debug_info      0x007345        0x936 build/default/production/mmc_pic24h.o
 .debug_info      0x007c7b        0x9d4 build/default/production/uart_pic24h.o
 .debug_info      0x00864f        0x5c3 build/default/production/xprintf.o
 .debug_info      0x008c12        0x279 build/default/production/logger_pic24h.o
 .debug_info      0x008e8b        0x6a6 build/default/production/rtcc_pic24h.o
 *(.gnu.linkonce.wi.*)

.debug_abbrev     0x000000        0xde3
 *(.debug_abbrev)
 .debug_abbrev    0x000000        0x168 build/default/production/ad_pic24h.o
 .debug_abbrev    0x000168        0x13f build/default/production/ff.o
 .debug_abbrev    0x0002a7        0x230 build/default/production/gps_pic24h.o
 .debug_abbrev    0x0004d7        0x2ac build/default/production/main.o
 .debug_abbrev    0x000783        0x1a3 build/default/production/mmc_pic24h.o
 .debug_abbrev    0x000926        0x178 build/default/production/uart_pic24h.o
 .debug_abbrev    0x000a9e        0x12c build/default/production/xprintf.o
 .debug_abbrev    0x000bca         0xa8 build/default/production/logger_pic24h.o
 .debug_abbrev    0x000c72        0x171 build/default/production/rtcc_pic24h.o

.debug_line       0x000000       0x14ed
 *(.debug_line)
 .debug_line      0x000000        0x107 build/default/production/ad_pic24h.o
 .debug_line      0x000107        0x7bc build/default/production/ff.o
 .debug_line      0x0008c3        0x30a build/default/production/gps_pic24h.o
 .debug_line      0x000bcd        0x31b build/default/production/main.o
 .debug_line      0x000ee8        0x1a0 build/default/production/mmc_pic24h.o
 .debug_line      0x001088        0x147 build/default/production/uart_pic24h.o
 .debug_line      0x0011cf        0x182 build/default/production/xprintf.o
 .debug_line      0x001351         0x84 build/default/production/logger_pic24h.o
 .debug_line      0x0013d5        0x118 build/default/production/rtcc_pic24h.o

.debug_frame      0x000000       0x13c8
 *(.debug_frame)
 .debug_frame     0x000000        0x154 build/default/production/ad_pic24h.o
 .debug_frame     0x000154        0x5f2 build/default/production/ff.o
 .debug_frame     0x000746        0x4ea build/default/production/gps_pic24h.o
 .debug_frame     0x000c30        0x20a build/default/production/main.o
 .debug_frame     0x000e3a        0x1fc build/default/production/mmc_pic24h.o
 .debug_frame     0x001036         0xe0 build/default/production/uart_pic24h.o
 .debug_frame     0x001116        0x172 build/default/production/xprintf.o
 .debug_frame     0x001288         0x30 build/default/production/logger_pic24h.o
 .debug_frame     0x0012b8        0x110 build/default/production/rtcc_pic24h.o

.debug_str        0x000000        0x32a
 *(.debug_str)
 .debug_str       0x000000         0x32 build/default/production/ad_pic24h.o
 .debug_str       0x000032          0xf build/default/production/ff.o
 .debug_str       0x000041        0x145 build/default/production/gps_pic24h.o
 .debug_str       0x000186        0x10f build/default/production/main.o
 .debug_str       0x000295         0x2d build/default/production/mmc_pic24h.o
 .debug_str       0x0002c2         0x27 build/default/production/uart_pic24h.o
 .debug_str       0x0002e9         0x13 build/default/production/xprintf.o
 .debug_str       0x0002fc         0x2e build/default/production/rtcc_pic24h.o

.debug_loc
 *(.debug_loc)

.debug_macinfo
 *(.debug_macinfo)

.debug_pubnames
                  0x000000        0x71c
 *(.debug_pubnames)
 .debug_pubnames
                  0x000000         0x6e build/default/production/ad_pic24h.o
 .debug_pubnames
                  0x00006e        0x15e build/default/production/ff.o
 .debug_pubnames
                  0x0001cc        0x187 build/default/production/gps_pic24h.o
 .debug_pubnames
                  0x000353        0x1a7 build/default/production/main.o
 .debug_pubnames
                  0x0004fa         0x75 build/default/production/mmc_pic24h.o
 .debug_pubnames
                  0x00056f         0x70 build/default/production/uart_pic24h.o
 .debug_pubnames
                  0x0005df         0x9e build/default/production/xprintf.o
 .debug_pubnames
                  0x00067d         0x22 build/default/production/logger_pic24h.o
 .debug_pubnames
                  0x00069f         0x7d build/default/production/rtcc_pic24h.o

.debug_ranges
 *(.debug_ranges)

.debug_aranges    0x000000         0xd8
 *(.debug_aranges)
 .debug_aranges
                  0x000000         0x18 build/default/production/ad_pic24h.o
 .debug_aranges
                  0x000018         0x18 build/default/production/ff.o
 .debug_aranges
                  0x000030         0x18 build/default/production/gps_pic24h.o
 .debug_aranges
                  0x000048         0x18 build/default/production/main.o
 .debug_aranges
                  0x000060         0x18 build/default/production/mmc_pic24h.o
 .debug_aranges
                  0x000078         0x18 build/default/production/uart_pic24h.o
 .debug_aranges
                  0x000090         0x18 build/default/production/xprintf.o
 .debug_aranges
                  0x0000a8         0x18 build/default/production/logger_pic24h.o
 .debug_aranges
                  0x0000c0         0x18 build/default/production/rtcc_pic24h.o
                    0x0000                  WREG0 = 0x0
                    0x0000                  _WREG0 = 0x0
                    0x0002                  WREG1 = 0x2
                    0x0002                  _WREG1 = 0x2
                    0x0004                  WREG2 = 0x4
                    0x0004                  _WREG2 = 0x4
                    0x0006                  WREG3 = 0x6
                    0x0006                  _WREG3 = 0x6
                    0x0008                  WREG4 = 0x8
                    0x0008                  _WREG4 = 0x8
                    0x000a                  WREG5 = 0xa
                    0x000a                  _WREG5 = 0xa
                    0x000c                  WREG6 = 0xc
                    0x000c                  _WREG6 = 0xc
                    0x000e                  WREG7 = 0xe
                    0x000e                  _WREG7 = 0xe
                    0x0010                  WREG8 = 0x10
                    0x0010                  _WREG8 = 0x10
                    0x0012                  WREG9 = 0x12
                    0x0012                  _WREG9 = 0x12
                    0x0014                  WREG10 = 0x14
                    0x0014                  _WREG10 = 0x14
                    0x0016                  WREG11 = 0x16
                    0x0016                  _WREG11 = 0x16
                    0x0018                  WREG12 = 0x18
                    0x0018                  _WREG12 = 0x18
                    0x001a                  WREG13 = 0x1a
                    0x001a                  _WREG13 = 0x1a
                    0x001c                  WREG14 = 0x1c
                    0x001c                  _WREG14 = 0x1c
                    0x001e                  WREG15 = 0x1e
                    0x001e                  _WREG15 = 0x1e
                    0x0020                  SPLIM = 0x20
                    0x0020                  _SPLIM = 0x20
                    0x002e                  PCL = 0x2e
                    0x002e                  _PCL = 0x2e
                    0x0030                  PCH = 0x30
                    0x0030                  _PCH = 0x30
                    0x0032                  TBLPAG = 0x32
                    0x0032                  _TBLPAG = 0x32
                    0x0034                  PSVPAG = 0x34
                    0x0034                  _PSVPAG = 0x34
                    0x0036                  RCOUNT = 0x36
                    0x0036                  _RCOUNT = 0x36
                    0x0042                  SR = 0x42
                    0x0042                  _SR = 0x42
                    0x0042                  _SRbits = 0x42
                    0x0044                  CORCON = 0x44
                    0x0044                  _CORCON = 0x44
                    0x0044                  _CORCONbits = 0x44
                    0x0052                  DISICNT = 0x52
                    0x0052                  _DISICNT = 0x52
                    0x0060                  CNEN1 = 0x60
                    0x0060                  _CNEN1 = 0x60
                    0x0060                  _CNEN1bits = 0x60
                    0x0062                  CNEN2 = 0x62
                    0x0062                  _CNEN2 = 0x62
                    0x0062                  _CNEN2bits = 0x62
                    0x0068                  CNPU1 = 0x68
                    0x0068                  _CNPU1 = 0x68
                    0x0068                  _CNPU1bits = 0x68
                    0x006a                  CNPU2 = 0x6a
                    0x006a                  _CNPU2 = 0x6a
                    0x006a                  _CNPU2bits = 0x6a
                    0x0080                  INTCON1 = 0x80
                    0x0080                  _INTCON1 = 0x80
                    0x0080                  _INTCON1bits = 0x80
                    0x0082                  INTCON2 = 0x82
                    0x0082                  _INTCON2 = 0x82
                    0x0082                  _INTCON2bits = 0x82
                    0x0084                  IFS0 = 0x84
                    0x0084                  _IFS0 = 0x84
                    0x0084                  _IFS0bits = 0x84
                    0x0086                  IFS1 = 0x86
                    0x0086                  _IFS1 = 0x86
                    0x0086                  _IFS1bits = 0x86
                    0x0088                  IFS2 = 0x88
                    0x0088                  _IFS2 = 0x88
                    0x0088                  _IFS2bits = 0x88
                    0x008a                  IFS3 = 0x8a
                    0x008a                  _IFS3 = 0x8a
                    0x008a                  _IFS3bits = 0x8a
                    0x008c                  IFS4 = 0x8c
                    0x008c                  _IFS4 = 0x8c
                    0x008c                  _IFS4bits = 0x8c
                    0x0094                  IEC0 = 0x94
                    0x0094                  _IEC0 = 0x94
                    0x0094                  _IEC0bits = 0x94
                    0x0096                  IEC1 = 0x96
                    0x0096                  _IEC1 = 0x96
                    0x0096                  _IEC1bits = 0x96
                    0x0098                  IEC2 = 0x98
                    0x0098                  _IEC2 = 0x98
                    0x0098                  _IEC2bits = 0x98
                    0x009a                  IEC3 = 0x9a
                    0x009a                  _IEC3 = 0x9a
                    0x009a                  _IEC3bits = 0x9a
                    0x009c                  IEC4 = 0x9c
                    0x009c                  _IEC4 = 0x9c
                    0x009c                  _IEC4bits = 0x9c
                    0x00a4                  IPC0 = 0xa4
                    0x00a4                  _IPC0 = 0xa4
                    0x00a4                  _IPC0bits = 0xa4
                    0x00a6                  IPC1 = 0xa6
                    0x00a6                  _IPC1 = 0xa6
                    0x00a6                  _IPC1bits = 0xa6
                    0x00a8                  IPC2 = 0xa8
                    0x00a8                  _IPC2 = 0xa8
                    0x00a8                  _IPC2bits = 0xa8
                    0x00aa                  IPC3 = 0xaa
                    0x00aa                  _IPC3 = 0xaa
                    0x00aa                  _IPC3bits = 0xaa
                    0x00ac                  IPC4 = 0xac
                    0x00ac                  _IPC4 = 0xac
                    0x00ac                  _IPC4bits = 0xac
                    0x00ae                  IPC5 = 0xae
                    0x00ae                  _IPC5 = 0xae
                    0x00ae                  _IPC5bits = 0xae
                    0x00b0                  IPC6 = 0xb0
                    0x00b0                  _IPC6 = 0xb0
                    0x00b0                  _IPC6bits = 0xb0
                    0x00b2                  IPC7 = 0xb2
                    0x00b2                  _IPC7 = 0xb2
                    0x00b2                  _IPC7bits = 0xb2
                    0x00b4                  IPC8 = 0xb4
                    0x00b4                  _IPC8 = 0xb4
                    0x00b4                  _IPC8bits = 0xb4
                    0x00b6                  IPC9 = 0xb6
                    0x00b6                  _IPC9 = 0xb6
                    0x00b6                  _IPC9bits = 0xb6
                    0x00ba                  IPC11 = 0xba
                    0x00ba                  _IPC11 = 0xba
                    0x00ba                  _IPC11bits = 0xba
                    0x00c2                  IPC15 = 0xc2
                    0x00c2                  _IPC15 = 0xc2
                    0x00c2                  _IPC15bits = 0xc2
                    0x00c4                  IPC16 = 0xc4
                    0x00c4                  _IPC16 = 0xc4
                    0x00c4                  _IPC16bits = 0xc4
                    0x00c6                  IPC17 = 0xc6
                    0x00c6                  _IPC17 = 0xc6
                    0x00c6                  _IPC17bits = 0xc6
                    0x00e0                  INTTREG = 0xe0
                    0x00e0                  _INTTREG = 0xe0
                    0x00e0                  _INTTREGbits = 0xe0
                    0x0100                  TMR1 = 0x100
                    0x0100                  _TMR1 = 0x100
                    0x0102                  PR1 = 0x102
                    0x0102                  _PR1 = 0x102
                    0x0104                  T1CON = 0x104
                    0x0104                  _T1CON = 0x104
                    0x0104                  _T1CONbits = 0x104
                    0x0106                  TMR2 = 0x106
                    0x0106                  _TMR2 = 0x106
                    0x0108                  TMR3HLD = 0x108
                    0x0108                  _TMR3HLD = 0x108
                    0x010a                  TMR3 = 0x10a
                    0x010a                  _TMR3 = 0x10a
                    0x010c                  PR2 = 0x10c
                    0x010c                  _PR2 = 0x10c
                    0x010e                  PR3 = 0x10e
                    0x010e                  _PR3 = 0x10e
                    0x0110                  T2CON = 0x110
                    0x0110                  _T2CON = 0x110
                    0x0110                  _T2CONbits = 0x110
                    0x0112                  T3CON = 0x112
                    0x0112                  _T3CON = 0x112
                    0x0112                  _T3CONbits = 0x112
                    0x0114                  TMR4 = 0x114
                    0x0114                  _TMR4 = 0x114
                    0x0116                  TMR5HLD = 0x116
                    0x0116                  _TMR5HLD = 0x116
                    0x0118                  TMR5 = 0x118
                    0x0118                  _TMR5 = 0x118
                    0x011a                  PR4 = 0x11a
                    0x011a                  _PR4 = 0x11a
                    0x011c                  PR5 = 0x11c
                    0x011c                  _PR5 = 0x11c
                    0x011e                  T4CON = 0x11e
                    0x011e                  _T4CON = 0x11e
                    0x011e                  _T4CONbits = 0x11e
                    0x0120                  T5CON = 0x120
                    0x0120                  _T5CON = 0x120
                    0x0120                  _T5CONbits = 0x120
                    0x0140                  IC1BUF = 0x140
                    0x0140                  _IC1BUF = 0x140
                    0x0142                  IC1CON = 0x142
                    0x0142                  _IC1CON = 0x142
                    0x0142                  _IC1CONbits = 0x142
                    0x0144                  IC2BUF = 0x144
                    0x0144                  _IC2BUF = 0x144
                    0x0146                  IC2CON = 0x146
                    0x0146                  _IC2CON = 0x146
                    0x0146                  _IC2CONbits = 0x146
                    0x0158                  IC7BUF = 0x158
                    0x0158                  _IC7BUF = 0x158
                    0x015a                  IC7CON = 0x15a
                    0x015a                  _IC7CON = 0x15a
                    0x015a                  _IC7CONbits = 0x15a
                    0x015c                  IC8BUF = 0x15c
                    0x015c                  _IC8BUF = 0x15c
                    0x015e                  IC8CON = 0x15e
                    0x015e                  _IC8CON = 0x15e
                    0x015e                  _IC8CONbits = 0x15e
                    0x0180                  OC1RS = 0x180
                    0x0180                  _OC1RS = 0x180
                    0x0182                  OC1R = 0x182
                    0x0182                  _OC1R = 0x182
                    0x0184                  OC1CON = 0x184
                    0x0184                  _OC1CON = 0x184
                    0x0184                  _OC1CONbits = 0x184
                    0x0186                  OC2RS = 0x186
                    0x0186                  _OC2RS = 0x186
                    0x0188                  OC2R = 0x188
                    0x0188                  _OC2R = 0x188
                    0x018a                  OC2CON = 0x18a
                    0x018a                  _OC2CON = 0x18a
                    0x018a                  _OC2CONbits = 0x18a
                    0x018c                  OC3RS = 0x18c
                    0x018c                  _OC3RS = 0x18c
                    0x018e                  OC3R = 0x18e
                    0x018e                  _OC3R = 0x18e
                    0x0190                  OC3CON = 0x190
                    0x0190                  _OC3CON = 0x190
                    0x0190                  _OC3CONbits = 0x190
                    0x0192                  OC4RS = 0x192
                    0x0192                  _OC4RS = 0x192
                    0x0194                  OC4R = 0x194
                    0x0194                  _OC4R = 0x194
                    0x0196                  OC4CON = 0x196
                    0x0196                  _OC4CON = 0x196
                    0x0196                  _OC4CONbits = 0x196
                    0x0200                  I2C1RCV = 0x200
                    0x0200                  _I2C1RCV = 0x200
                    0x0200                  I2CRCV = 0x200
                    0x0200                  _I2CRCV = 0x200
                    0x0202                  I2C1TRN = 0x202
                    0x0202                  _I2C1TRN = 0x202
                    0x0202                  I2CTRN = 0x202
                    0x0202                  _I2CTRN = 0x202
                    0x0204                  I2C1BRG = 0x204
                    0x0204                  _I2C1BRG = 0x204
                    0x0206                  I2C1CON = 0x206
                    0x0206                  _I2C1CON = 0x206
                    0x0206                  _I2C1CONbits = 0x206
                    0x0206                  I2CCON = 0x206
                    0x0206                  _I2CCON = 0x206
                    0x0206                  _I2CCONbits = 0x206
                    0x0208                  I2C1STAT = 0x208
                    0x0208                  _I2C1STAT = 0x208
                    0x0208                  _I2C1STATbits = 0x208
                    0x0208                  I2CSTAT = 0x208
                    0x0208                  _I2CSTAT = 0x208
                    0x0208                  _I2CSTATbits = 0x208
                    0x020a                  I2C1ADD = 0x20a
                    0x020a                  _I2C1ADD = 0x20a
                    0x020a                  I2CADD = 0x20a
                    0x020a                  _I2CADD = 0x20a
                    0x020c                  I2C1MSK = 0x20c
                    0x020c                  _I2C1MSK = 0x20c
                    0x0220                  U1MODE = 0x220
                    0x0220                  _U1MODE = 0x220
                    0x0220                  _U1MODEbits = 0x220
                    0x0222                  U1STA = 0x222
                    0x0222                  _U1STA = 0x222
                    0x0222                  _U1STAbits = 0x222
                    0x0224                  U1TXREG = 0x224
                    0x0224                  _U1TXREG = 0x224
                    0x0224                  _U1TXREGbits = 0x224
                    0x0226                  U1RXREG = 0x226
                    0x0226                  _U1RXREG = 0x226
                    0x0226                  _U1RXREGbits = 0x226
                    0x0228                  U1BRG = 0x228
                    0x0228                  _U1BRG = 0x228
                    0x0230                  U2MODE = 0x230
                    0x0230                  _U2MODE = 0x230
                    0x0230                  _U2MODEbits = 0x230
                    0x0232                  U2STA = 0x232
                    0x0232                  _U2STA = 0x232
                    0x0232                  _U2STAbits = 0x232
                    0x0234                  U2TXREG = 0x234
                    0x0234                  _U2TXREG = 0x234
                    0x0234                  _U2TXREGbits = 0x234
                    0x0236                  U2RXREG = 0x236
                    0x0236                  _U2RXREG = 0x236
                    0x0236                  _U2RXREGbits = 0x236
                    0x0238                  U2BRG = 0x238
                    0x0238                  _U2BRG = 0x238
                    0x0240                  SPI1STAT = 0x240
                    0x0240                  _SPI1STAT = 0x240
                    0x0240                  _SPI1STATbits = 0x240
                    0x0242                  SPI1CON1 = 0x242
                    0x0242                  _SPI1CON1 = 0x242
                    0x0242                  _SPI1CON1bits = 0x242
                    0x0244                  SPI1CON2 = 0x244
                    0x0244                  _SPI1CON2 = 0x244
                    0x0244                  _SPI1CON2bits = 0x244
                    0x0248                  SPI1BUF = 0x248
                    0x0248                  _SPI1BUF = 0x248
                    0x0260                  SPI2STAT = 0x260
                    0x0260                  _SPI2STAT = 0x260
                    0x0260                  _SPI2STATbits = 0x260
                    0x0262                  SPI2CON1 = 0x262
                    0x0262                  _SPI2CON1 = 0x262
                    0x0262                  _SPI2CON1bits = 0x262
                    0x0264                  SPI2CON2 = 0x264
                    0x0264                  _SPI2CON2 = 0x264
                    0x0264                  _SPI2CON2bits = 0x264
                    0x0268                  SPI2BUF = 0x268
                    0x0268                  _SPI2BUF = 0x268
                    0x02c0                  TRISA = 0x2c0
                    0x02c0                  _TRISA = 0x2c0
                    0x02c0                  _TRISAbits = 0x2c0
                    0x02c2                  PORTA = 0x2c2
                    0x02c2                  _PORTA = 0x2c2
                    0x02c2                  _PORTAbits = 0x2c2
                    0x02c4                  LATA = 0x2c4
                    0x02c4                  _LATA = 0x2c4
                    0x02c4                  _LATAbits = 0x2c4
                    0x02c6                  ODCA = 0x2c6
                    0x02c6                  _ODCA = 0x2c6
                    0x02c6                  _ODCAbits = 0x2c6
                    0x02c8                  TRISB = 0x2c8
                    0x02c8                  _TRISB = 0x2c8
                    0x02c8                  _TRISBbits = 0x2c8
                    0x02ca                  PORTB = 0x2ca
                    0x02ca                  _PORTB = 0x2ca
                    0x02ca                  _PORTBbits = 0x2ca
                    0x02cc                  LATB = 0x2cc
                    0x02cc                  _LATB = 0x2cc
                    0x02cc                  _LATBbits = 0x2cc
                    0x02ce                  ODCB = 0x2ce
                    0x02ce                  _ODCB = 0x2ce
                    0x02ce                  _ODCBbits = 0x2ce
                    0x02fc                  PADCFG1 = 0x2fc
                    0x02fc                  _PADCFG1 = 0x2fc
                    0x02fc                  _PADCFG1bits = 0x2fc
                    0x0300                  ADC1BUF0 = 0x300
                    0x0300                  _ADC1BUF0 = 0x300
                    0x0300                  ADCBUF0 = 0x300
                    0x0300                  _ADCBUF0 = 0x300
                    0x0320                  AD1CON1 = 0x320
                    0x0320                  _AD1CON1 = 0x320
                    0x0320                  _AD1CON1bits = 0x320
                    0x0322                  AD1CON2 = 0x322
                    0x0322                  _AD1CON2 = 0x322
                    0x0322                  _AD1CON2bits = 0x322
                    0x0324                  AD1CON3 = 0x324
                    0x0324                  _AD1CON3 = 0x324
                    0x0324                  _AD1CON3bits = 0x324
                    0x0326                  AD1CHS123 = 0x326
                    0x0326                  _AD1CHS123 = 0x326
                    0x0326                  _AD1CHS123bits = 0x326
                    0x0328                  AD1CHS0 = 0x328
                    0x0328                  _AD1CHS0 = 0x328
                    0x0328                  _AD1CHS0bits = 0x328
                    0x032c                  AD1PCFGL = 0x32c
                    0x032c                  _AD1PCFGL = 0x32c
                    0x032c                  _AD1PCFGLbits = 0x32c
                    0x032c                  ADPCFG = 0x32c
                    0x032c                  _ADPCFG = 0x32c
                    0x032c                  _ADPCFGbits = 0x32c
                    0x0330                  AD1CSSL = 0x330
                    0x0330                  _AD1CSSL = 0x330
                    0x0330                  _AD1CSSLbits = 0x330
                    0x0332                  AD1CON4 = 0x332
                    0x0332                  _AD1CON4 = 0x332
                    0x0332                  _AD1CON4bits = 0x332
                    0x0380                  DMA0CON = 0x380
                    0x0380                  _DMA0CON = 0x380
                    0x0380                  _DMA0CONbits = 0x380
                    0x0382                  DMA0REQ = 0x382
                    0x0382                  _DMA0REQ = 0x382
                    0x0382                  _DMA0REQbits = 0x382
                    0x0384                  DMA0STA = 0x384
                    0x0384                  _DMA0STA = 0x384
                    0x0386                  DMA0STB = 0x386
                    0x0386                  _DMA0STB = 0x386
                    0x0388                  DMA0PAD = 0x388
                    0x0388                  _DMA0PAD = 0x388
                    0x038a                  DMA0CNT = 0x38a
                    0x038a                  _DMA0CNT = 0x38a
                    0x038c                  DMA1CON = 0x38c
                    0x038c                  _DMA1CON = 0x38c
                    0x038c                  _DMA1CONbits = 0x38c
                    0x038e                  DMA1REQ = 0x38e
                    0x038e                  _DMA1REQ = 0x38e
                    0x038e                  _DMA1REQbits = 0x38e
                    0x0390                  DMA1STA = 0x390
                    0x0390                  _DMA1STA = 0x390
                    0x0392                  DMA1STB = 0x392
                    0x0392                  _DMA1STB = 0x392
                    0x0394                  DMA1PAD = 0x394
                    0x0394                  _DMA1PAD = 0x394
                    0x0396                  DMA1CNT = 0x396
                    0x0396                  _DMA1CNT = 0x396
                    0x0398                  DMA2CON = 0x398
                    0x0398                  _DMA2CON = 0x398
                    0x0398                  _DMA2CONbits = 0x398
                    0x039a                  DMA2REQ = 0x39a
                    0x039a                  _DMA2REQ = 0x39a
                    0x039a                  _DMA2REQbits = 0x39a
                    0x039c                  DMA2STA = 0x39c
                    0x039c                  _DMA2STA = 0x39c
                    0x039e                  DMA2STB = 0x39e
                    0x039e                  _DMA2STB = 0x39e
                    0x03a0                  DMA2PAD = 0x3a0
                    0x03a0                  _DMA2PAD = 0x3a0
                    0x03a2                  DMA2CNT = 0x3a2
                    0x03a2                  _DMA2CNT = 0x3a2
                    0x03a4                  DMA3CON = 0x3a4
                    0x03a4                  _DMA3CON = 0x3a4
                    0x03a4                  _DMA3CONbits = 0x3a4
                    0x03a6                  DMA3REQ = 0x3a6
                    0x03a6                  _DMA3REQ = 0x3a6
                    0x03a6                  _DMA3REQbits = 0x3a6
                    0x03a8                  DMA3STA = 0x3a8
                    0x03a8                  _DMA3STA = 0x3a8
                    0x03aa                  DMA3STB = 0x3aa
                    0x03aa                  _DMA3STB = 0x3aa
                    0x03ac                  DMA3PAD = 0x3ac
                    0x03ac                  _DMA3PAD = 0x3ac
                    0x03ae                  DMA3CNT = 0x3ae
                    0x03ae                  _DMA3CNT = 0x3ae
                    0x03b0                  DMA4CON = 0x3b0
                    0x03b0                  _DMA4CON = 0x3b0
                    0x03b0                  _DMA4CONbits = 0x3b0
                    0x03b2                  DMA4REQ = 0x3b2
                    0x03b2                  _DMA4REQ = 0x3b2
                    0x03b2                  _DMA4REQbits = 0x3b2
                    0x03b4                  DMA4STA = 0x3b4
                    0x03b4                  _DMA4STA = 0x3b4
                    0x03b6                  DMA4STB = 0x3b6
                    0x03b6                  _DMA4STB = 0x3b6
                    0x03b8                  DMA4PAD = 0x3b8
                    0x03b8                  _DMA4PAD = 0x3b8
                    0x03ba                  DMA4CNT = 0x3ba
                    0x03ba                  _DMA4CNT = 0x3ba
                    0x03bc                  DMA5CON = 0x3bc
                    0x03bc                  _DMA5CON = 0x3bc
                    0x03bc                  _DMA5CONbits = 0x3bc
                    0x03be                  DMA5REQ = 0x3be
                    0x03be                  _DMA5REQ = 0x3be
                    0x03be                  _DMA5REQbits = 0x3be
                    0x03c0                  DMA5STA = 0x3c0
                    0x03c0                  _DMA5STA = 0x3c0
                    0x03c2                  DMA5STB = 0x3c2
                    0x03c2                  _DMA5STB = 0x3c2
                    0x03c4                  DMA5PAD = 0x3c4
                    0x03c4                  _DMA5PAD = 0x3c4
                    0x03c6                  DMA5CNT = 0x3c6
                    0x03c6                  _DMA5CNT = 0x3c6
                    0x03c8                  DMA6CON = 0x3c8
                    0x03c8                  _DMA6CON = 0x3c8
                    0x03c8                  _DMA6CONbits = 0x3c8
                    0x03ca                  DMA6REQ = 0x3ca
                    0x03ca                  _DMA6REQ = 0x3ca
                    0x03ca                  _DMA6REQbits = 0x3ca
                    0x03cc                  DMA6STA = 0x3cc
                    0x03cc                  _DMA6STA = 0x3cc
                    0x03ce                  DMA6STB = 0x3ce
                    0x03ce                  _DMA6STB = 0x3ce
                    0x03d0                  DMA6PAD = 0x3d0
                    0x03d0                  _DMA6PAD = 0x3d0
                    0x03d2                  DMA6CNT = 0x3d2
                    0x03d2                  _DMA6CNT = 0x3d2
                    0x03d4                  DMA7CON = 0x3d4
                    0x03d4                  _DMA7CON = 0x3d4
                    0x03d4                  _DMA7CONbits = 0x3d4
                    0x03d6                  DMA7REQ = 0x3d6
                    0x03d6                  _DMA7REQ = 0x3d6
                    0x03d6                  _DMA7REQbits = 0x3d6
                    0x03d8                  DMA7STA = 0x3d8
                    0x03d8                  _DMA7STA = 0x3d8
                    0x03da                  DMA7STB = 0x3da
                    0x03da                  _DMA7STB = 0x3da
                    0x03dc                  DMA7PAD = 0x3dc
                    0x03dc                  _DMA7PAD = 0x3dc
                    0x03de                  DMA7CNT = 0x3de
                    0x03de                  _DMA7CNT = 0x3de
                    0x03e0                  DMACS0 = 0x3e0
                    0x03e0                  _DMACS0 = 0x3e0
                    0x03e0                  _DMACS0bits = 0x3e0
                    0x03e2                  DMACS1 = 0x3e2
                    0x03e2                  _DMACS1 = 0x3e2
                    0x03e2                  _DMACS1bits = 0x3e2
                    0x03e4                  DSADR = 0x3e4
                    0x03e4                  _DSADR = 0x3e4
                    0x0600                  PMCON = 0x600
                    0x0600                  _PMCON = 0x600
                    0x0600                  _PMCONbits = 0x600
                    0x0602                  PMMODE = 0x602
                    0x0602                  _PMMODE = 0x602
                    0x0602                  _PMMODEbits = 0x602
                    0x0604                  PMADDR = 0x604
                    0x0604                  _PMADDR = 0x604
                    0x0604                  _PMADDRbits = 0x604
                    0x0604                  PMDOUT1 = 0x604
                    0x0604                  _PMDOUT1 = 0x604
                    0x0606                  PMDOUT2 = 0x606
                    0x0606                  _PMDOUT2 = 0x606
                    0x0608                  PMDIN1 = 0x608
                    0x0608                  _PMDIN1 = 0x608
                    0x060a                  PMDIN2 = 0x60a
                    0x060a                  _PMDIN2 = 0x60a
                    0x060c                  PMAEN = 0x60c
                    0x060c                  _PMAEN = 0x60c
                    0x060c                  _PMAENbits = 0x60c
                    0x060e                  PMSTAT = 0x60e
                    0x060e                  _PMSTAT = 0x60e
                    0x060e                  _PMSTATbits = 0x60e
                    0x0620                  ALRMVAL = 0x620
                    0x0620                  _ALRMVAL = 0x620
                    0x0622                  ALCFGRPT = 0x622
                    0x0622                  _ALCFGRPT = 0x622
                    0x0622                  _ALCFGRPTbits = 0x622
                    0x0624                  RTCVAL = 0x624
                    0x0624                  _RTCVAL = 0x624
                    0x0626                  RCFGCAL = 0x626
                    0x0626                  _RCFGCAL = 0x626
                    0x0626                  _RCFGCALbits = 0x626
                    0x0630                  CMCON = 0x630
                    0x0630                  _CMCON = 0x630
                    0x0630                  _CMCONbits = 0x630
                    0x0632                  CVRCON = 0x632
                    0x0632                  _CVRCON = 0x632
                    0x0632                  _CVRCONbits = 0x632
                    0x0640                  CRCCON = 0x640
                    0x0640                  _CRCCON = 0x640
                    0x0640                  _CRCCONbits = 0x640
                    0x0642                  CRCXOR = 0x642
                    0x0642                  _CRCXOR = 0x642
                    0x0644                  CRCDAT = 0x644
                    0x0644                  _CRCDAT = 0x644
                    0x0646                  CRCWDAT = 0x646
                    0x0646                  _CRCWDAT = 0x646
                    0x0680                  RPINR0 = 0x680
                    0x0680                  _RPINR0 = 0x680
                    0x0680                  _RPINR0bits = 0x680
                    0x0682                  RPINR1 = 0x682
                    0x0682                  _RPINR1 = 0x682
                    0x0682                  _RPINR1bits = 0x682
                    0x0686                  RPINR3 = 0x686
                    0x0686                  _RPINR3 = 0x686
                    0x0686                  _RPINR3bits = 0x686
                    0x0688                  RPINR4 = 0x688
                    0x0688                  _RPINR4 = 0x688
                    0x0688                  _RPINR4bits = 0x688
                    0x068e                  RPINR7 = 0x68e
                    0x068e                  _RPINR7 = 0x68e
                    0x068e                  _RPINR7bits = 0x68e
                    0x0694                  RPINR10 = 0x694
                    0x0694                  _RPINR10 = 0x694
                    0x0694                  _RPINR10bits = 0x694
                    0x0696                  RPINR11 = 0x696
                    0x0696                  _RPINR11 = 0x696
                    0x0696                  _RPINR11bits = 0x696
                    0x06a4                  RPINR18 = 0x6a4
                    0x06a4                  _RPINR18 = 0x6a4
                    0x06a4                  _RPINR18bits = 0x6a4
                    0x06a6                  RPINR19 = 0x6a6
                    0x06a6                  _RPINR19 = 0x6a6
                    0x06a6                  _RPINR19bits = 0x6a6
                    0x06a8                  RPINR20 = 0x6a8
                    0x06a8                  _RPINR20 = 0x6a8
                    0x06a8                  _RPINR20bits = 0x6a8
                    0x06aa                  RPINR21 = 0x6aa
                    0x06aa                  _RPINR21 = 0x6aa
                    0x06aa                  _RPINR21bits = 0x6aa
                    0x06ac                  RPINR22 = 0x6ac
                    0x06ac                  _RPINR22 = 0x6ac
                    0x06ac                  _RPINR22bits = 0x6ac
                    0x06ae                  RPINR23 = 0x6ae
                    0x06ae                  _RPINR23 = 0x6ae
                    0x06ae                  _RPINR23bits = 0x6ae
                    0x06c0                  RPOR0 = 0x6c0
                    0x06c0                  _RPOR0 = 0x6c0
                    0x06c0                  _RPOR0bits = 0x6c0
                    0x06c2                  RPOR1 = 0x6c2
                    0x06c2                  _RPOR1 = 0x6c2
                    0x06c2                  _RPOR1bits = 0x6c2
                    0x06c4                  RPOR2 = 0x6c4
                    0x06c4                  _RPOR2 = 0x6c4
                    0x06c4                  _RPOR2bits = 0x6c4
                    0x06c6                  RPOR3 = 0x6c6
                    0x06c6                  _RPOR3 = 0x6c6
                    0x06c6                  _RPOR3bits = 0x6c6
                    0x06c8                  RPOR4 = 0x6c8
                    0x06c8                  _RPOR4 = 0x6c8
                    0x06c8                  _RPOR4bits = 0x6c8
                    0x06ca                  RPOR5 = 0x6ca
                    0x06ca                  _RPOR5 = 0x6ca
                    0x06ca                  _RPOR5bits = 0x6ca
                    0x06cc                  RPOR6 = 0x6cc
                    0x06cc                  _RPOR6 = 0x6cc
                    0x06cc                  _RPOR6bits = 0x6cc
                    0x06ce                  RPOR7 = 0x6ce
                    0x06ce                  _RPOR7 = 0x6ce
                    0x06ce                  _RPOR7bits = 0x6ce
                    0x0740                  RCON = 0x740
                    0x0740                  _RCON = 0x740
                    0x0740                  _RCONbits = 0x740
                    0x0742                  OSCCON = 0x742
                    0x0742                  _OSCCON = 0x742
                    0x0742                  _OSCCONbits = 0x742
                    0x0742                  OSCCONL = 0x742
                    0x0742                  _OSCCONL = 0x742
                    0x0743                  OSCCONH = 0x743
                    0x0743                  _OSCCONH = 0x743
                    0x0744                  CLKDIV = 0x744
                    0x0744                  _CLKDIV = 0x744
                    0x0744                  _CLKDIVbits = 0x744
                    0x0746                  PLLFBD = 0x746
                    0x0746                  _PLLFBD = 0x746
                    0x0746                  _PLLFBDbits = 0x746
                    0x0748                  OSCTUN = 0x748
                    0x0748                  _OSCTUN = 0x748
                    0x0748                  _OSCTUNbits = 0x748
                    0x0750                  BSRAM = 0x750
                    0x0750                  _BSRAM = 0x750
                    0x0750                  _BSRAMbits = 0x750
                    0x0752                  SSRAM = 0x752
                    0x0752                  _SSRAM = 0x752
                    0x0752                  _SSRAMbits = 0x752
                    0x0760                  NVMCON = 0x760
                    0x0760                  _NVMCON = 0x760
                    0x0760                  _NVMCONbits = 0x760
                    0x0766                  NVMKEY = 0x766
                    0x0766                  _NVMKEY = 0x766
                    0x0770                  PMD1 = 0x770
                    0x0770                  _PMD1 = 0x770
                    0x0770                  _PMD1bits = 0x770
                    0x0772                  PMD2 = 0x772
                    0x0772                  _PMD2 = 0x772
                    0x0772                  _PMD2bits = 0x772
                    0x0774                  PMD3 = 0x774
                    0x0774                  _PMD3 = 0x774
                    0x0774                  _PMD3bits = 0x774
                    0x0140                  IC1 = 0x140
                    0x0140                  _IC1 = 0x140
                    0x0144                  IC2 = 0x144
                    0x0144                  _IC2 = 0x144
                    0x0158                  IC7 = 0x158
                    0x0158                  _IC7 = 0x158
                    0x015c                  IC8 = 0x15c
                    0x015c                  _IC8 = 0x15c
                    0x0180                  OC1 = 0x180
                    0x0180                  _OC1 = 0x180
                    0x0186                  OC2 = 0x186
                    0x0186                  _OC2 = 0x186
                    0x018c                  OC3 = 0x18c
                    0x018c                  _OC3 = 0x18c
                    0x0192                  OC4 = 0x192
                    0x0192                  _OC4 = 0x192
                    0x0240                  SPI1 = 0x240
                    0x0240                  _SPI1 = 0x240
                    0x0260                  SPI2 = 0x260
                    0x0260                  _SPI2 = 0x260
                    0x0220                  UART1 = 0x220
                    0x0220                  _UART1 = 0x220
                    0x0230                  UART2 = 0x230
                    0x0230                  _UART2 = 0x230
START GROUP
LOAD c:/program files (x86)/microchip/xc16/v1.33/bin/bin/../../lib\liblega-pic30-elf.a
LOAD c:/program files (x86)/microchip/xc16/v1.33/bin/bin/../../lib\libm-elf.a
LOAD c:/program files (x86)/microchip/xc16/v1.33/bin/bin/../../lib\liblega-c-elf.a
END GROUP
OUTPUT(dist/default/production/tc_logger6.x.production.elf elf32-pic30)
LOAD FGS
LOAD FSS
LOAD FBS
LOAD default_isr
LOAD data_init

.debug_pubtypes
                  0x0000d8        0x6e5
 .debug_pubtypes
                  0x0000d8         0x98 build/default/production/ad_pic24h.o
 .debug_pubtypes
                  0x000170         0x89 build/default/production/ff.o
 .debug_pubtypes
                  0x0001f9         0x96 build/default/production/gps_pic24h.o
 .debug_pubtypes
                  0x00028f        0x311 build/default/production/main.o
 .debug_pubtypes
                  0x0005a0         0x91 build/default/production/mmc_pic24h.o
 .debug_pubtypes
                  0x000631         0xac build/default/production/uart_pic24h.o
 .debug_pubtypes
                  0x0006dd         0x1e build/default/production/xprintf.o
 .debug_pubtypes
                  0x0006fb         0x47 build/default/production/logger_pic24h.o
 .debug_pubtypes
                  0x000742         0x7b build/default/production/rtcc_pic24h.o

__c30_signature
                  0x0007bd         0xcc
 __c30_signature
                  0x0007bd          0x6 build/default/production/ad_pic24h.o
 __c30_signature
                  0x0007c3          0x6 build/default/production/ff.o
 __c30_signature
                  0x0007c9          0x6 build/default/production/gps_pic24h.o
 __c30_signature
                  0x0007cf          0x6 build/default/production/main.o
 __c30_signature
                  0x0007d5          0x6 build/default/production/mmc_pic24h.o
 __c30_signature
                  0x0007db          0x6 build/default/production/uart_pic24h.o
 __c30_signature
                  0x0007e1          0x6 build/default/production/xprintf.o
 __c30_signature
                  0x0007e7          0x6 build/default/production/logger_pic24h.o
 __c30_signature
                  0x0007ed          0x6 build/default/production/rtcc_pic24h.o
 __c30_signature
                  0x0007f3          0x6 c:/program files (x86)/microchip/xc16/v1.33/bin/bin/../../lib\liblega-pic30-elf.a(crt0_standard.o)
 __c30_signature
                  0x0007f9          0x6 c:/program files (x86)/microchip/xc16/v1.33/bin/bin/../../lib\liblega-pic30-elf.a(data_init_standard.o)
 __c30_signature
                  0x0007ff          0x6 c:/program files (x86)/microchip/xc16/v1.33/bin/bin/../../lib\libm-elf.a(addsf3.eo)
 __c30_signature
                  0x000805          0x6 c:/program files (x86)/microchip/xc16/v1.33/bin/bin/../../lib\libm-elf.a(divsf3.eo)
 __c30_signature
                  0x00080b          0x6 c:/program files (x86)/microchip/xc16/v1.33/bin/bin/../../lib\libm-elf.a(feqltle.eo)
 __c30_signature
                  0x000811          0x6 c:/program files (x86)/microchip/xc16/v1.33/bin/bin/../../lib\libm-elf.a(fgtge.eo)
 __c30_signature
                  0x000817          0x6 c:/program files (x86)/microchip/xc16/v1.33/bin/bin/../../lib\libm-elf.a(floatunsisf.eo)
 __c30_signature
                  0x00081d          0x6 c:/program files (x86)/microchip/xc16/v1.33/bin/bin/../../lib\libm-elf.a(fpack.eo)
 __c30_signature
                  0x000823          0x6 c:/program files (x86)/microchip/xc16/v1.33/bin/bin/../../lib\libm-elf.a(funpack2.eo)
 __c30_signature
                  0x000829          0x6 c:/program files (x86)/microchip/xc16/v1.33/bin/bin/../../lib\libm-elf.a(futil.eo)
 __c30_signature
                  0x00082f          0x6 c:/program files (x86)/microchip/xc16/v1.33/bin/bin/../../lib\libm-elf.a(mulsf3.eo)
 __c30_signature
                  0x000835          0x6 c:/program files (x86)/microchip/xc16/v1.33/bin/bin/../../lib\libm-elf.a(udivsi3.eo)
 __c30_signature
                  0x00083b          0x6 c:/program files (x86)/microchip/xc16/v1.33/bin/bin/../../lib\libm-elf.a(umodsi3.eo)
 __c30_signature
                  0x000841          0x6 c:/program files (x86)/microchip/xc16/v1.33/bin/bin/../../lib\libm-elf.a(fcompare.eo)
 __c30_signature
                  0x000847          0x6 c:/program files (x86)/microchip/xc16/v1.33/bin/bin/../../lib\libm-elf.a(floatundisf.eo)
 __c30_signature
                  0x00084d          0x6 c:/program files (x86)/microchip/xc16/v1.33/bin/bin/../../lib\libm-elf.a(funpack.eo)
 __c30_signature
                  0x000853          0x6 c:/program files (x86)/microchip/xc16/v1.33/bin/bin/../../lib\liblega-c-elf.a(atoi.XX_eo)
 __c30_signature
                  0x000859          0x6 c:/program files (x86)/microchip/xc16/v1.33/bin/bin/../../lib\liblega-c-elf.a(ldiv.XX_eo)
 __c30_signature
                  0x00085f          0x6 c:/program files (x86)/microchip/xc16/v1.33/bin/bin/../../lib\liblega-c-elf.a(xstoul.XX_eo)
 __c30_signature
                  0x000865          0x6 c:/program files (x86)/microchip/xc16/v1.33/bin/bin/../../lib\liblega-c-elf.a(isspace.XX_eso)
 __c30_signature
                  0x00086b          0x6 c:/program files (x86)/microchip/xc16/v1.33/bin/bin/../../lib\liblega-c-elf.a(tolower.XX_eso)
 __c30_signature
                  0x000871          0x6 c:/program files (x86)/microchip/xc16/v1.33/bin/bin/../../lib\liblega-c-elf.a(errno.XX_eo)
 __c30_signature
                  0x000877          0x6 c:/program files (x86)/microchip/xc16/v1.33/bin/bin/../../lib\liblega-c-elf.a(memchr.XX_eo)
 __c30_signature
                  0x00087d          0x6 c:/program files (x86)/microchip/xc16/v1.33/bin/bin/../../lib\libm-elf.a(divsi3.eo)
 __c30_signature
                  0x000883          0x6 c:/program files (x86)/microchip/xc16/v1.33/bin/bin/../../lib\libm-elf.a(mulsi3.eo)

.nbss               0x0800         0x16
 .nbss              0x0800         0x16 build/default/production/main.o
                    0x0800                  _AccSize
                    0x0804                  _AccFiles
                    0x0806                  _AccDirs
                    0x0808                  _Sec_Pulse
                    0x0809                  _flash
                    0x080a                  _Timer
                    0x080c                  _Timer4
                    0x080e                  _Timer5
                    0x0810                  _div1k
                    0x0812                  _ms

.ndata              0x0816          0xa
 .ndata             0x0816          0xa build/default/production/main.o
                    0x0816                  __error
                    0x0818                  _rtcYear
                    0x081a                  _rtcMon
                    0x081b                  _rtcMday
                    0x081c                  _rtcHour
                    0x081d                  _rtcMin
                    0x081e                  _rtcSec

.nbss               0x0820         0x14
 .nbss              0x0820          0x6 build/default/production/mmc_pic24h.o
 .nbss              0x0826          0x6 build/default/production/xprintf.o
                    0x0826                  _xfunc_out
                    0x082a                  _xfunc_in
 .nbss              0x082c          0x4 build/default/production/ff.o
 .nbss              0x0830          0x2 build/default/production/ad_pic24h.o
 .nbss              0x0832          0x2 build/default/production/gps_pic24h.o

.ndata              0x0834          0x2
 .ndata             0x0834          0x2 build/default/production/mmc_pic24h.o

.nbss               0x0836          0x2
 .nbss              0x0836          0x2 build/default/production/uart_pic24h.o

.bss                0x0838       0x14b4
 .bss               0x0838        0xfa8 build/default/production/main.o
                    0x0838                  _Finfo
                    0x084e                  _Line
                    0x094e                  _FatFs
                    0x0b80                  _File
                    0x0bc0                  _Buff
                    0x0fc0                  _gps_tx_buff
                    0x13c0                  _gps_rx_buff
                    0x17c0                  _ADBuffer
 .bss               0x17e0        0x400 build/default/production/gps_pic24h.o
                    0x17e0                  __gps_rx_buff
 .bss               0x1be0        0x10c build/default/production/uart_pic24h.o

.data               0x1cec         0x5e
 .data              0x1cec         0x4a c:/program files (x86)/microchip/xc16/v1.33/bin/bin/../../lib\liblega-c-elf.a(xstoul.XX_eo)
 .data              0x1d36         0x14 build/default/production/main.o
                    0x1d36                  _ls

.bss                0x1d4a          0x4
 .bss               0x1d4a          0x4 c:/program files (x86)/microchip/xc16/v1.33/bin/bin/../../lib\liblega-c-elf.a(errno.XX_eo)
                    0x1d4a                  _errno
                    0x1d4c                  __Tls_setup_errno

.config_JTAGEN    0xf8000e          0x2
 .config_JTAGEN
                  0xf8000e          0x2 build/default/production/main.o

.config_ALTI2C    0xf8000c          0x2
 .config_ALTI2C
                  0xf8000c          0x2 build/default/production/main.o

.config_FWDTEN    0xf8000a          0x2
 .config_FWDTEN
                  0xf8000a          0x2 build/default/production/main.o

.config_FCKSM     0xf80008          0x2
 .config_FCKSM    0xf80008          0x2 build/default/production/main.o

.config_IESO      0xf80006          0x2
 .config_IESO     0xf80006          0x2 build/default/production/main.o

.ivt._T1Interrupt
                  0x00001a          0x2
 .ivt._T1Interrupt
                  0x00001a          0x2 build/default/production/main.o

.ivt._CNInterrupt
                  0x00003a          0x2
 .ivt._CNInterrupt
                  0x00003a          0x2 build/default/production/main.o

.ivt._U1RXInterrupt
                  0x00002a          0x2
 .ivt._U1RXInterrupt
                  0x00002a          0x2 build/default/production/uart_pic24h.o

.ivt._U1TXInterrupt
                  0x00002c          0x2
 .ivt._U1TXInterrupt
                  0x00002c          0x2 build/default/production/uart_pic24h.o

.const              0x8920        0x256 load address 0x000920  
 .const             0x8920        0x10a build/default/production/gps_pic24h.o
                    0x8920                  __NUM_BYTES
 .const             0x8a2a         0xf0 build/default/production/ff.o
 .const             0x8b1a         0x42 build/default/production/main.o
 .const             0x8b5c         0x1a build/default/production/xprintf.o

.text             0x000b76       0x71c8
 .text            0x000b76       0x4090 build/default/production/ff.o
                  0x000e94                  _clust2sect
                  0x000eec                  _get_fat
                  0x0010ce                  _put_fat
                  0x0028ac                  _f_mount
                  0x002918                  _f_open
                  0x002b96                  _f_read
                  0x002e24                  _f_write
                  0x003160                  _f_sync
                  0x003260                  _f_close
                  0x003288                  _f_chdir
                  0x0032f6                  _f_getcwd
                  0x00347c                  _f_lseek
                  0x003770                  _f_opendir
                  0x00380a                  _f_closedir
                  0x003826                  _f_readdir
                  0x003894                  _f_findnext
                  0x0038d4                  _f_findfirst
                  0x003900                  _f_stat
                  0x003948                  _f_getfree
                  0x003b44                  _f_truncate
                  0x003c5e                  _f_unlink
                  0x003d82                  _f_mkdir
                  0x003f90                  _f_chmod
                  0x004018                  _f_rename
                  0x004170                  _f_utime
                  0x00420a                  _f_mkfs
 .text            0x004c06        0xe5c build/default/production/gps_pic24h.o
                  0x004c8e                  _gps_reset
                  0x004ce4                  _gps_shutdown
                  0x004d12                  _gps_fill_buffer
                  0x004d58                  _gps_init
                  0x004d6c                  _send_mid129
                  0x004d92                  _send_mid103
                  0x004db6                  _send_mid125
                  0x004dda                  _send_mid117
                  0x004dfe                  _send_mid100
                  0x004e22                  _send_mid105
                  0x004e46                  _send_id132
                  0x004e6a                  _send_gsv_off
                  0x004e8e                  _send_gsv_on
                  0x004eb2                  _send_gsa_off
                  0x004ed6                  _send_gsa_on
                  0x004efa                  _send_zda_on
                  0x004f1e                  _get_gps
                  0x004f2e                  _gps_timerproc
                  0x004f44                  _gps_parse_zda
                  0x004f92                  _gps_parse_rmc
                  0x00503c                  _gps_parse_gga
 .text            0x005a62        0xd94 build/default/production/main.o
                  0x005a62                  _get_fattime
                  0x005ac2                  _loop_timerproc
                  0x005ad8                  _led_timerproc
                  0x005ddc                  _gps_buffer_dump
                  0x005e5c                  _main
 .text            0x0067f6        0x84c build/default/production/mmc_pic24h.o
                  0x006a20                  _disk_status
                  0x006a34                  _disk_initialize
                  0x006b74                  _disk_read
                  0x006c1c                  _disk_write
                  0x006cec                  _disk_ioctl
                  0x007000                  _disk_timerproc
 .text            0x007042        0x6be build/default/production/xprintf.o
                  0x007042                  _xputc
                  0x007070                  _xputs
                  0x00708a                  _xfputs
                  0x0073ac                  _xprintf
                  0x0073bc                  _xsprintf
                  0x0073da                  _xfprintf
                  0x0073f8                  _put_dump
                  0x0074da                  _xgets
                  0x007560                  _xfgets
                  0x007582                  _xatoi
 .text            0x007700        0x29c build/default/production/ad_pic24h.o
                  0x007748                  _ADInputTest
                  0x0077f8                  _ad_init
                  0x0078a8                  _get_ad_id
                  0x0078d4                  _get_ad_chan
                  0x007962                  _ad_timerproc
                  0x007978                  _ad_power_off
 .text            0x00799c        0x1ce build/default/production/rtcc_pic24h.o
                  0x0079c6                  _rtcc_deselect
                  0x0079dc                  _rtcc_osc_on
                  0x0079f4                  _RTCC_Initialize
                  0x007a50                  _RTCC_TimeGet
                  0x007b26                  _RTCC_DecToBCD
                  0x007b50                  _RTCC_BCDToDec
 .text            0x007b6a        0x106 build/default/production/logger_pic24h.o
                  0x007b6a                  _logger_init
 .text            0x007c70         0xce build/default/production/uart_pic24h.o
                  0x007c70                  _uart_test
                  0x007c78                  _uart_getc
                  0x007cb8                  _uart_putc
                  0x007d02                  _uart_init

.dinit            0x007d3e         0xa6
 .dinit           0x007d3e         0xa6 data_init
